Wed Nov 22 20:24:28 2017       
+-----------------------------------------------------------------------------+
| NVIDIA-SMI 384.90                 Driver Version: 384.90                    |
|-------------------------------+----------------------+----------------------+
| GPU  Name        Persistence-M| Bus-Id        Disp.A | Volatile Uncorr. ECC |
| Fan  Temp  Perf  Pwr:Usage/Cap|         Memory-Usage | GPU-Util  Compute M. |
|===============================+======================+======================|
|   0  GeForce GTX 106...  Off  | 00000000:01:00.0  On |                  N/A |
| 60%   61C    P2    80W /  80W |   2499MiB /  3012MiB |     99%      Default |
+-------------------------------+----------------------+----------------------+
|   1  GeForce GTX 106...  Off  | 00000000:03:00.0 Off |                  N/A |
| 80%   65C    P2    80W /  80W |   2364MiB /  3013MiB |    100%      Default |
+-------------------------------+----------------------+----------------------+
|   2  GeForce GTX 106...  Off  | 00000000:04:00.0 Off |                  N/A |
| 70%   63C    P2    81W /  80W |   2364MiB /  3013MiB |     95%      Default |
+-------------------------------+----------------------+----------------------+
|   3  GeForce GTX 106...  Off  | 00000000:05:00.0 Off |                  N/A |
| 65%   72C    P2    80W /  80W |   2364MiB /  3013MiB |    100%      Default |
+-------------------------------+----------------------+----------------------+
|   4  GeForce GTX 106...  Off  | 00000000:06:00.0 Off |                  N/A |
| 75%   34C    P2    79W /  80W |   2364MiB /  3013MiB |     99%      Default |
+-------------------------------+----------------------+----------------------+
                                                                               
+-----------------------------------------------------------------------------+
| Processes:                                                       GPU Memory |
|  GPU       PID   Type   Process name                             Usage      |
|=============================================================================|
|    0      1081      G   /usr/lib/xorg/Xorg                           112MiB |
|    0      1678      G   /usr/bin/compiz                               37MiB |
|    0      2000      C   ./ethdcrminer64                             2345MiB |
|    1      1081      G   /usr/lib/xorg/Xorg                             7MiB |
|    1      2000      C   ./ethdcrminer64                             2345MiB |
|    2      1081      G   /usr/lib/xorg/Xorg                             7MiB |
|    2      2000      C   ./ethdcrminer64                             2345MiB |
|    3      1081      G   /usr/lib/xorg/Xorg                             7MiB |
|    3      2000      C   ./ethdcrminer64                             2345MiB |
|    4      1081      G   /usr/lib/xorg/Xorg                             7MiB |
|    4      2000      C   ./ethdcrminer64                             2345MiB |
+-----------------------------------------------------------------------------+
